student@student-OptiPlex-3050:~/Documents/Reshma_db/mongo$ sudo service mongod start
[sudo] password for student: 
student@student-OptiPlex-3050:~/Documents/Reshma_db/mongo$ sudo service mongod status
● mongod.service - MongoDB Database Server
   Loaded: loaded (/lib/systemd/system/mongod.service; enabled; vendor preset: e
   Active: active (running) since Wed 2022-06-08 20:27:12 IST; 1min 32s ago
     Docs: https://docs.mongodb.org/manual
 Main PID: 1498 (mongod)
   CGroup: /system.slice/mongod.service
           └─1498 /usr/bin/mongod --config /etc/mongod.conf

Jun 08 20:27:12 student-OptiPlex-3050 systemd[1]: Started MongoDB Database Serve
Jun 08 20:28:35 student-OptiPlex-3050 systemd[1]: Started MongoDB Database Serve

student@student-OptiPlex-3050:~/Documents/Reshma_db/mongo$ mongo
MongoDB shell version v4.4.14
connecting to: mongodb://127.0.0.1:27017/?compressors=disabled&gssapiServiceName=mongodb
Implicit session: session { "id" : UUID("2ade4fb6-ddd4-495a-bae2-3e99e18e4fbd") }
MongoDB server version: 4.4.14
Welcome to the MongoDB shell.
For interactive help, type "help".
For more comprehensive documentation, see
	https://docs.mongodb.com/
Questions? Try the MongoDB Developer Community Forums
	https://community.mongodb.com
---
The server generated these startup warnings when booting: 
        2022-06-08T20:27:21.405+05:30: Using the XFS filesystem is strongly recommended with the WiredTiger storage engine. See http://dochub.mongodb.org/core/prodnotes-filesystem
        2022-06-08T20:27:23.102+05:30: Access control is not enabled for the database. Read and write access to data and configuration is unrestricted
        2022-06-08T20:27:23.102+05:30: /sys/kernel/mm/transparent_hugepage/enabled is 'always'. We suggest setting it to 'never'
        2022-06-08T20:27:23.102+05:30: /sys/kernel/mm/transparent_hugepage/defrag is 'always'. We suggest setting it to 'never'
---
---
        Enable MongoDB's free cloud-based monitoring service, which will then receive and display
        metrics about your deployment (disk utilization, CPU, operation statistics, etc).

        The monitoring data will be available on a MongoDB website with a unique URL accessible to you
        and anyone you share the URL with. MongoDB may use this information to make product
        improvements and to suggest MongoDB products and deployment options to you.

        To enable free monitoring, run the following command: db.enableFreeMonitoring()
        To permanently disable this reminder, run the following command: db.disableFreeMonitoring()
---
> ^C
bye
student@student-OptiPlex-3050:~/Documents/Reshma_db/mongo$ mongo --quiet
> show dbs;
admin   0.000GB
config  0.000GB
local   0.000GB
> use demodatabase;
switched to db demodatabase
> show dbs;
admin   0.000GB
config  0.000GB
local   0.000GB
> db.createcollection ("emp");
uncaught exception: TypeError: db.createcollection is not a function :
@(shell):1:1
> db.createCollection ("emp");
{ "ok" : 1 }
> show dbs;
admin         0.000GB
config        0.000GB
demodatabase  0.000GB
local         0.000GB
> db.dropDatabase();
{ "dropped" : "demodatabase", "ok" : 1 }
> show dbs;
admin   0.000GB
config  0.000GB
local   0.000GB
> 

